The environment has 117 packages:
Package               Version       Build                    Size
_openmp_mutex         4.5           20_gnu                   28.3 KiB
_python_abi3_support  1.0           hd8ed1ab_3               8 KiB
aws-c-auth            0.10.4        h4610da3_2               132 KiB
aws-c-cal             0.9.15        h6bbde05_1               55.3 KiB
aws-c-common          0.14.3        hb03c661_0               240.1 KiB
aws-c-compression     0.3.2         h01ee8f8_5               21.8 KiB
aws-c-http            0.11.0        hbe094ff_5               225.8 KiB
aws-c-io              0.27.5        h4f381ba_1               179.3 KiB
aws-c-s3              0.13.1        h7508075_1               154 KiB
aws-c-sdkutils        0.2.7         h01ee8f8_3               67 KiB
aws-checksums         0.2.10        h01ee8f8_5               99.5 KiB
backports.zstd        1.7.0         py312h3f22e6b_1          235.5 KiB
blosc                 1.21.6        he440d0b_1               47.3 KiB
brotli-python         1.2.0         py312he9c40d5_4          359 KiB
bzip2                 1.0.8         hda65f42_10              251.8 KiB
c-ares                1.34.8        hebe6cf0_2               223.3 KiB
ca-certificates       2026.7.22     hbd8a1cb_0               128.7 KiB
certifi               2026.7.22     pyhd8ed1ab_0             133.8 KiB
cf-units              3.3.1         np2hc8c11d4_1            340.8 KiB
cftime                1.6.5         py312h0ec8046_2          463.8 KiB
charset-normalizer    3.5.1         pyhd8ed1ab_0             63 KiB
compliance-checker    6.1.0         pyhd8ed1ab_0             836.2 KiB
cpython               3.12.14       py312hd8ed1ab_3          46.1 KiB
geos                  3.14.1        h55b0958_0               1.9 MiB
h2                    4.4.1         pyhcf101f3_0             98.4 KiB
hdf4                  4.2.15        h2a13503_7               739 KiB
hdf5                  2.2.0         nompi_hc529623_100       4.1 MiB
hpack                 4.2.0         pyhd8ed1ab_0             32.1 KiB
hyperframe            6.1.0         pyhd8ed1ab_0             17 KiB
icu                   78.3          py310h44b86e0_2          13.8 MiB
idna                  3.20          pyh5ded981_0             174.4 KiB
importlib-metadata    9.0.1         pyhcf101f3_0             34.1 KiB
importlib-resources   7.1.0         pyhd8ed1ab_0             10.1 KiB
importlib_resources   7.1.0         pyhd8ed1ab_0             34 KiB
isodate               0.7.2         pyhd8ed1ab_1             23.2 KiB
jinja2                3.1.6         pyhcf101f3_1             117.9 KiB
keyutils              1.6.3         h7cc23a3_1               132.1 KiB
krb5                  1.22.2        hbc21106_2               1.3 MiB
ld_impl_linux-64      2.46.1        default_hbd61a6d_102     727.8 KiB
lerc                  4.2.0         hdb68285_0               264.8 KiB
libaec                1.1.5         h088129d_0               35.7 KiB
libblas               3.11.0        11_h4a7cf45_openblas     17.8 KiB
libcblas              3.11.0        11_h0358290_openblas     17.8 KiB
libcurl               8.22.0        ha042cf0_0               487.9 KiB
libdeflate            1.25          hd45a770_1               72 KiB
libedit               3.1.20250104  pl5321h373387f_1         131.9 KiB
libev                 4.33          h280c20c_3               42.2 KiB
libexpat              2.8.4         hd2095e1_0               75.8 KiB
libffi                3.7.0         h81df57d_1               66.4 KiB
libgcc                16.2.0        ha9f2e26_5               1 MiB
libgcc-ng             16.2.0        h69a702a_5               27.9 KiB
libgfortran           16.2.0        h69a702a_5               27.9 KiB
libgfortran5          16.2.0        h6b99dfc_5               2.4 MiB
libgomp               16.2.0        he0feb66_5               626.6 KiB
libiconv              1.18          h0cb94f2_3               771 KiB
libjpeg-turbo         3.2.0         hb03c661_1               635.2 KiB
liblapack             3.11.0        11_h47877c9_openblas     17.8 KiB
liblzma               5.8.3         hb03c661_1               110.3 KiB
libnetcdf             4.10.1        nompi_he3e3c8e_201       982.9 KiB
libnghttp2            1.68.1        h74cf4be_1               634.7 KiB
libnsl                2.0.1         hb9d3cd8_1               32.9 KiB
libopenblas           0.3.34        pthreads_hf13c14d_2      6.5 MiB
libpsl                0.23.1        hd9e3e90_1               70.8 KiB
libpython             3.12.14       h0c77377_3_cpython       8.4 MiB
libsqlite             3.53.4        h13e7031_1               951.5 KiB
libssh2               1.11.1        h6154650_1               298.9 KiB
libstdcxx             16.2.0        h934c35e_5               6.3 MiB
libstdcxx-ng          16.2.0        hdf11a46_5               27.9 KiB
libtiff               4.7.2         hcc2c06a_1               449 KiB
libudunits2           2.2.28        h40f5838_3               79.5 KiB
libuuid               2.42.4        hcfc3c73_0               33.6 KiB
libwebp-base          1.6.0         hd42ef1d_1               418.4 KiB
libxcrypt             4.4.38        h280c20c_0               99.6 KiB
libxml2               2.15.4        h7df9aa5_0               46 KiB
libxml2-16            2.15.4        hf3af7cc_0               555.9 KiB
libxslt               1.1.45        h8e12856_1               244.4 KiB
libzip                1.11.4        h6008cf6_0               110.2 KiB
libzlib               1.3.2         h25fd6f3_3               62.2 KiB
lxml                  6.1.3         py312h663fcd5_0          1.5 MiB
lz4-c                 1.10.0        hee9eb32_2               177.6 KiB
markupsafe            3.0.3         py312h8a5da7c_1          25.4 KiB
ncurses               6.6           hdb14827_1               889.8 KiB
netcdf4               1.7.4         nompi_py311hd34d2e2_111  1.1 MiB
numpy                 2.5.3         py312he827f4e_0          8.8 MiB
openssl               3.6.4         h781a0a9_0               3.1 MiB
owslib                0.36.0        pyhc364b38_0             161.6 KiB
packaging             26.3          pyhc364b38_0             113.6 KiB
pendulum              3.2.0         py312h868fb18_2          429.8 KiB
proj                  9.9.0         h3767062_0               3.6 MiB
pygeoif               1.6.0         pyhd8ed1ab_0             43.7 KiB
pyproj                3.8.0         py312h70537c2_2          577.1 KiB
pysocks               1.7.1         pyha55dd90_7             20.6 KiB
python                3.12.14       h5f976f7_3_cpython       22 MiB
python-dateutil       2.9.0.post0   pyhe01879c_2             227.8 KiB
python-gil            3.12.14       hd8ed1ab_3               46 KiB
python_abi            3.12          9_cp312                  6.6 KiB
pyyaml                6.0.3         py312h8a5da7c_1          193.6 KiB
readline              8.3           hd6e31c0_1               340.7 KiB
regex                 2026.9.10     py312h5cc1888_0          408.6 KiB
requests              2.34.2        pyhcf101f3_0             67.1 KiB
s2n                   1.7.6         h7e3ee7f_0               384.5 KiB
setuptools            84.0.0        pyh332efcf_0             512.2 KiB
shapely               2.1.2         py312ha95667c_3          632.2 KiB
six                   1.17.0        pyhe01879c_1             18 KiB
snappy                1.2.2         h34e00bb_2               44.6 KiB
sqlite                3.53.4        h9ffa6c4_1               200.9 KiB
time-machine          2.19.0        py312h5253ce2_2          44.6 KiB
tk                    8.6.13        noxft_h1df4ec4_4         3.4 MiB
typing-extensions     4.16.0        h69aa097_0               91.9 KiB
typing_extensions     4.16.0        pyhcf101f3_0             51.4 KiB
tzdata                2026c         h151e31d_0               116.1 KiB
udunits2              2.2.28        h40f5838_3               110.1 KiB
urllib3               2.8.0         pyhd8ed1ab_0             105 KiB
validators            0.35.0        pyhd8ed1ab_0             39.1 KiB
yaml                  0.2.5         hebe6cf0_3               82.9 KiB
zipp                  4.1.0         pyhcf101f3_0             23.6 KiB
zstd                  1.5.7         hb78ec9c_7               587.2 KiB


IOOS compliance checker version 6.1.0
